// Jest Snapshot v1, https://goo.gl/fbAQLP

exports[`Test Button works It renders as expected 1`] = `
<div
  className=""
  disable="false"
  onClick={[Function]}
  role="button"
/>
`;
